[2023-10-24T17:41:28.970-0500][gc,init] CardTable entry size: 512
[2023-10-24T17:41:28.970-0500][gc     ] Using G1
[2023-10-24T17:41:28.978-0500][gc,init] Version: 19.0.1+10-21 (release)
[2023-10-24T17:41:28.978-0500][gc,init] CPUs: 4 total, 4 available
[2023-10-24T17:41:28.978-0500][gc,init] Memory: 8192M
[2023-10-24T17:41:28.978-0500][gc,init] Large Page Support: Disabled
[2023-10-24T17:41:28.978-0500][gc,init] NUMA Support: Disabled
[2023-10-24T17:41:28.978-0500][gc,init] Compressed Oops: Enabled (Zero based)
[2023-10-24T17:41:28.978-0500][gc,init] Heap Region Size: 1M
[2023-10-24T17:41:28.978-0500][gc,init] Heap Min Capacity: 1G
[2023-10-24T17:41:28.978-0500][gc,init] Heap Initial Capacity: 1G
[2023-10-24T17:41:28.978-0500][gc,init] Heap Max Capacity: 1G
[2023-10-24T17:41:28.978-0500][gc,init] Pre-touch: Disabled
[2023-10-24T17:41:28.978-0500][gc,init] Parallel Workers: 4
[2023-10-24T17:41:28.978-0500][gc,init] Concurrent Workers: 1
[2023-10-24T17:41:28.978-0500][gc,init] Concurrent Refinement Workers: 4
[2023-10-24T17:41:28.978-0500][gc,init] Periodic GC: Disabled
[2023-10-24T17:41:28.979-0500][gc,metaspace] CDS archive(s) mapped at: [0x0000000800000000-0x0000000800c44000-0x0000000800c44000), size 12861440, SharedBaseAddress: 0x0000000800000000, ArchiveRelocationMode: 0.
[2023-10-24T17:41:28.979-0500][gc,metaspace] Compressed class space mapped at: 0x0000000801000000-0x0000000841000000, reserved size: 1073741824
[2023-10-24T17:41:28.979-0500][gc,metaspace] Narrow klass base: 0x0000000800000000, Narrow klass shift: 0, Narrow klass range: 0x100000000
[2023-10-24T17:41:31.188-0500][gc,start    ] GC(0) Pause Young (Normal) (G1 Evacuation Pause)
[2023-10-24T17:41:31.188-0500][gc,task     ] GC(0) Using 4 workers of 4 for evacuation
[2023-10-24T17:41:31.197-0500][gc,phases   ] GC(0)   Pre Evacuate Collection Set: 0.1ms
[2023-10-24T17:41:31.197-0500][gc,phases   ] GC(0)   Merge Heap Roots: 0.1ms
[2023-10-24T17:41:31.197-0500][gc,phases   ] GC(0)   Evacuate Collection Set: 8.6ms
[2023-10-24T17:41:31.197-0500][gc,phases   ] GC(0)   Post Evacuate Collection Set: 0.5ms
[2023-10-24T17:41:31.197-0500][gc,phases   ] GC(0)   Other: 0.3ms
[2023-10-24T17:41:31.197-0500][gc,heap     ] GC(0) Eden regions: 51->0(44)
[2023-10-24T17:41:31.197-0500][gc,heap     ] GC(0) Survivor regions: 0->7(7)
[2023-10-24T17:41:31.198-0500][gc,heap     ] GC(0) Old regions: 0->1
[2023-10-24T17:41:31.198-0500][gc,heap     ] GC(0) Archive regions: 2->2
[2023-10-24T17:41:31.198-0500][gc,heap     ] GC(0) Humongous regions: 0->0
[2023-10-24T17:41:31.198-0500][gc,metaspace] GC(0) Metaspace: 18170K(18432K)->18170K(18432K) NonClass: 16123K(16256K)->16123K(16256K) Class: 2047K(2176K)->2047K(2176K)
[2023-10-24T17:41:31.198-0500][gc          ] GC(0) Pause Young (Normal) (G1 Evacuation Pause) 51M->8M(1024M) 9.872ms
[2023-10-24T17:41:31.198-0500][gc,cpu      ] GC(0) User=0.03s Sys=0.00s Real=0.01s
[2023-10-24T17:41:31.604-0500][gc,start    ] GC(1) Pause Young (Concurrent Start) (Metadata GC Threshold)
[2023-10-24T17:41:31.605-0500][gc,task     ] GC(1) Using 4 workers of 4 for evacuation
[2023-10-24T17:41:31.615-0500][gc,phases   ] GC(1)   Pre Evacuate Collection Set: 0.1ms
[2023-10-24T17:41:31.615-0500][gc,phases   ] GC(1)   Merge Heap Roots: 0.0ms
[2023-10-24T17:41:31.615-0500][gc,phases   ] GC(1)   Evacuate Collection Set: 9.4ms
[2023-10-24T17:41:31.615-0500][gc,phases   ] GC(1)   Post Evacuate Collection Set: 0.4ms
[2023-10-24T17:41:31.615-0500][gc,phases   ] GC(1)   Other: 0.1ms
[2023-10-24T17:41:31.615-0500][gc,heap     ] GC(1) Eden regions: 13->0(50)
[2023-10-24T17:41:31.615-0500][gc,heap     ] GC(1) Survivor regions: 7->1(7)
[2023-10-24T17:41:31.615-0500][gc,heap     ] GC(1) Old regions: 1->8
[2023-10-24T17:41:31.615-0500][gc,heap     ] GC(1) Archive regions: 2->2
[2023-10-24T17:41:31.615-0500][gc,heap     ] GC(1) Humongous regions: 0->0
[2023-10-24T17:41:31.615-0500][gc,metaspace] GC(1) Metaspace: 21320K(21504K)->21320K(21504K) NonClass: 18871K(18944K)->18871K(18944K) Class: 2449K(2560K)->2449K(2560K)
[2023-10-24T17:41:31.615-0500][gc          ] GC(1) Pause Young (Concurrent Start) (Metadata GC Threshold) 21M->9M(1024M) 10.277ms
[2023-10-24T17:41:31.615-0500][gc          ] GC(2) Concurrent Mark Cycle
[2023-10-24T17:41:31.615-0500][gc,cpu      ] GC(1) User=0.02s Sys=0.00s Real=0.01s
[2023-10-24T17:41:31.615-0500][gc,marking  ] GC(2) Concurrent Clear Claimed Marks
[2023-10-24T17:41:31.615-0500][gc,marking  ] GC(2) Concurrent Clear Claimed Marks 0.056ms
[2023-10-24T17:41:31.615-0500][gc,marking  ] GC(2) Concurrent Scan Root Regions
[2023-10-24T17:41:31.620-0500][gc,marking  ] GC(2) Concurrent Scan Root Regions 5.395ms
[2023-10-24T17:41:31.620-0500][gc,marking  ] GC(2) Concurrent Mark
[2023-10-24T17:41:31.620-0500][gc,marking  ] GC(2) Concurrent Mark From Roots
[2023-10-24T17:41:31.620-0500][gc,task     ] GC(2) Using 1 workers of 1 for marking
[2023-10-24T17:41:31.625-0500][gc,marking  ] GC(2) Concurrent Mark From Roots 4.580ms
[2023-10-24T17:41:31.625-0500][gc,marking  ] GC(2) Concurrent Preclean
[2023-10-24T17:41:31.625-0500][gc,marking  ] GC(2) Concurrent Preclean 0.325ms
[2023-10-24T17:41:31.697-0500][gc,start    ] GC(2) Pause Remark
[2023-10-24T17:41:31.699-0500][gc          ] GC(2) Pause Remark 139M->139M(1024M) 1.814ms
[2023-10-24T17:41:31.699-0500][gc,cpu      ] GC(2) User=0.00s Sys=0.00s Real=0.00s
[2023-10-24T17:41:31.699-0500][gc,marking  ] GC(2) Concurrent Mark 78.918ms
[2023-10-24T17:41:31.699-0500][gc,marking  ] GC(2) Concurrent Rebuild Remembered Sets
[2023-10-24T17:41:31.705-0500][gc,marking  ] GC(2) Concurrent Rebuild Remembered Sets 5.889ms
[2023-10-24T17:41:31.706-0500][gc,start    ] GC(2) Pause Cleanup
[2023-10-24T17:41:31.706-0500][gc          ] GC(2) Pause Cleanup 140M->140M(1024M) 0.117ms
[2023-10-24T17:41:31.706-0500][gc,cpu      ] GC(2) User=0.00s Sys=0.00s Real=0.00s
[2023-10-24T17:41:31.706-0500][gc,marking  ] GC(2) Concurrent Cleanup for Next Mark
[2023-10-24T17:41:31.720-0500][gc,marking  ] GC(2) Concurrent Cleanup for Next Mark 13.191ms
[2023-10-24T17:41:31.720-0500][gc          ] GC(2) Concurrent Mark Cycle 105.318ms
[2023-10-24T17:41:32.697-0500][gc,start    ] GC(3) Pause Young (Normal) (G1 Evacuation Pause)
[2023-10-24T17:41:32.697-0500][gc,task     ] GC(3) Using 4 workers of 4 for evacuation
[2023-10-24T17:41:32.703-0500][gc,phases   ] GC(3)   Pre Evacuate Collection Set: 0.1ms
[2023-10-24T17:41:32.704-0500][gc,phases   ] GC(3)   Merge Heap Roots: 0.0ms
[2023-10-24T17:41:32.704-0500][gc,phases   ] GC(3)   Evacuate Collection Set: 5.5ms
[2023-10-24T17:41:32.704-0500][gc,phases   ] GC(3)   Post Evacuate Collection Set: 0.4ms
[2023-10-24T17:41:32.704-0500][gc,phases   ] GC(3)   Other: 0.1ms
[2023-10-24T17:41:32.704-0500][gc,heap     ] GC(3) Eden regions: 50->0(45)
[2023-10-24T17:41:32.704-0500][gc,heap     ] GC(3) Survivor regions: 1->6(7)
[2023-10-24T17:41:32.704-0500][gc,heap     ] GC(3) Old regions: 8->8
[2023-10-24T17:41:32.704-0500][gc,heap     ] GC(3) Archive regions: 2->2
[2023-10-24T17:41:32.704-0500][gc,heap     ] GC(3) Humongous regions: 129->129
[2023-10-24T17:41:32.704-0500][gc,metaspace] GC(3) Metaspace: 32885K(33152K)->32885K(33152K) NonClass: 29387K(29504K)->29387K(29504K) Class: 3498K(3648K)->3498K(3648K)
[2023-10-24T17:41:32.704-0500][gc          ] GC(3) Pause Young (Normal) (G1 Evacuation Pause) 188M->143M(1024M) 6.257ms
[2023-10-24T17:41:32.704-0500][gc,cpu      ] GC(3) User=0.02s Sys=0.00s Real=0.01s
[2023-10-24T18:04:47.242-0500][gc,start    ] GC(4) Pause Young (Concurrent Start) (Metadata GC Threshold)
[2023-10-24T18:04:47.250-0500][gc,task     ] GC(4) Using 4 workers of 4 for evacuation
[2023-10-24T18:04:47.421-0500][gc,mmu      ] GC(4) MMU target violated: 21.0ms (20.0ms/21.0ms)
[2023-10-24T18:04:47.421-0500][gc,phases   ] GC(4)   Pre Evacuate Collection Set: 21.0ms
[2023-10-24T18:04:47.421-0500][gc,phases   ] GC(4)   Merge Heap Roots: 2.6ms
[2023-10-24T18:04:47.421-0500][gc,phases   ] GC(4)   Evacuate Collection Set: 141.5ms
[2023-10-24T18:04:47.421-0500][gc,phases   ] GC(4)   Post Evacuate Collection Set: 3.1ms
[2023-10-24T18:04:47.421-0500][gc,phases   ] GC(4)   Other: 6.1ms
[2023-10-24T18:04:47.421-0500][gc,heap     ] GC(4) Eden regions: 23->0(50)
[2023-10-24T18:04:47.421-0500][gc,heap     ] GC(4) Survivor regions: 6->1(7)
[2023-10-24T18:04:47.421-0500][gc,heap     ] GC(4) Old regions: 8->13
[2023-10-24T18:04:47.421-0500][gc,heap     ] GC(4) Archive regions: 2->2
[2023-10-24T18:04:47.421-0500][gc,heap     ] GC(4) Humongous regions: 129->129
[2023-10-24T18:04:47.421-0500][gc,metaspace] GC(4) Metaspace: 35853K(36096K)->35853K(36096K) NonClass: 31957K(32064K)->31957K(32064K) Class: 3895K(4032K)->3895K(4032K)
[2023-10-24T18:04:47.421-0500][gc          ] GC(4) Pause Young (Concurrent Start) (Metadata GC Threshold) 165M->143M(1024M) 179.825ms
[2023-10-24T18:04:47.421-0500][gc,cpu      ] GC(4) User=0.03s Sys=0.13s Real=0.18s
[2023-10-24T18:04:47.421-0500][gc          ] GC(5) Concurrent Mark Cycle
[2023-10-24T18:04:47.422-0500][gc,marking  ] GC(5) Concurrent Clear Claimed Marks
[2023-10-24T18:04:47.422-0500][gc,marking  ] GC(5) Concurrent Clear Claimed Marks 0.117ms
[2023-10-24T18:04:47.422-0500][gc,marking  ] GC(5) Concurrent Scan Root Regions
[2023-10-24T18:04:47.447-0500][gc,marking  ] GC(5) Concurrent Scan Root Regions 24.953ms
[2023-10-24T18:04:47.447-0500][gc,marking  ] GC(5) Concurrent Mark
[2023-10-24T18:04:47.447-0500][gc,marking  ] GC(5) Concurrent Mark From Roots
[2023-10-24T18:04:47.447-0500][gc,task     ] GC(5) Using 1 workers of 1 for marking
[2023-10-24T18:04:47.531-0500][gc,marking  ] GC(5) Concurrent Mark From Roots 83.967ms
[2023-10-24T18:04:47.531-0500][gc,marking  ] GC(5) Concurrent Preclean
[2023-10-24T18:04:47.531-0500][gc,marking  ] GC(5) Concurrent Preclean 0.181ms
[2023-10-24T18:04:47.622-0500][gc,start    ] GC(5) Pause Remark
[2023-10-24T18:04:47.822-0500][gc,mmu      ] GC(5) MMU target violated: 21.0ms (20.0ms/21.0ms)
[2023-10-24T18:04:47.823-0500][gc          ] GC(5) Pause Remark 145M->145M(1024M) 200.990ms
[2023-10-24T18:04:47.823-0500][gc,cpu      ] GC(5) User=0.02s Sys=0.11s Real=0.20s
[2023-10-24T18:04:47.824-0500][gc,marking  ] GC(5) Concurrent Mark 377.583ms
[2023-10-24T18:04:47.824-0500][gc,marking  ] GC(5) Concurrent Rebuild Remembered Sets
[2023-10-24T18:04:47.845-0500][gc,marking  ] GC(5) Concurrent Rebuild Remembered Sets 20.603ms
[2023-10-24T18:04:47.846-0500][gc,start    ] GC(5) Pause Cleanup
[2023-10-24T18:04:47.847-0500][gc          ] GC(5) Pause Cleanup 145M->145M(1024M) 1.057ms
[2023-10-24T18:04:47.847-0500][gc,cpu      ] GC(5) User=0.00s Sys=0.00s Real=0.00s
[2023-10-24T18:04:47.847-0500][gc,marking  ] GC(5) Concurrent Cleanup for Next Mark
[2023-10-24T18:04:47.857-0500][gc,marking  ] GC(5) Concurrent Cleanup for Next Mark 10.076ms
[2023-10-24T18:04:47.857-0500][gc          ] GC(5) Concurrent Mark Cycle 435.509ms
[2023-10-24T18:07:46.986-0500][gc,heap,exit] Heap
[2023-10-24T18:07:46.987-0500][gc,heap,exit]  garbage-first heap   total 1048576K, used 162038K [0x00000007c0000000, 0x0000000800000000)
[2023-10-24T18:07:46.987-0500][gc,heap,exit]   region size 1024K, 16 young (16384K), 1 survivors (1024K)
[2023-10-24T18:07:46.987-0500][gc,heap,exit]  Metaspace       used 36539K, committed 36864K, reserved 1114112K
[2023-10-24T18:07:46.987-0500][gc,heap,exit]   class space    used 4035K, committed 4160K, reserved 1048576K
