[2023-10-24T18:07:52.957-0500][gc,init] CardTable entry size: 512
[2023-10-24T18:07:52.957-0500][gc     ] Using G1
[2023-10-24T18:07:52.966-0500][gc,init] Version: 19.0.1+10-21 (release)
[2023-10-24T18:07:52.966-0500][gc,init] CPUs: 4 total, 4 available
[2023-10-24T18:07:52.966-0500][gc,init] Memory: 8192M
[2023-10-24T18:07:52.966-0500][gc,init] Large Page Support: Disabled
[2023-10-24T18:07:52.966-0500][gc,init] NUMA Support: Disabled
[2023-10-24T18:07:52.966-0500][gc,init] Compressed Oops: Enabled (Zero based)
[2023-10-24T18:07:52.966-0500][gc,init] Heap Region Size: 1M
[2023-10-24T18:07:52.966-0500][gc,init] Heap Min Capacity: 1G
[2023-10-24T18:07:52.966-0500][gc,init] Heap Initial Capacity: 1G
[2023-10-24T18:07:52.966-0500][gc,init] Heap Max Capacity: 1G
[2023-10-24T18:07:52.966-0500][gc,init] Pre-touch: Disabled
[2023-10-24T18:07:52.967-0500][gc,init] Parallel Workers: 4
[2023-10-24T18:07:52.967-0500][gc,init] Concurrent Workers: 1
[2023-10-24T18:07:52.967-0500][gc,init] Concurrent Refinement Workers: 4
[2023-10-24T18:07:52.967-0500][gc,init] Periodic GC: Disabled
[2023-10-24T18:07:52.967-0500][gc,metaspace] CDS archive(s) mapped at: [0x0000000800000000-0x0000000800c44000-0x0000000800c44000), size 12861440, SharedBaseAddress: 0x0000000800000000, ArchiveRelocationMode: 0.
[2023-10-24T18:07:52.967-0500][gc,metaspace] Compressed class space mapped at: 0x0000000801000000-0x0000000841000000, reserved size: 1073741824
[2023-10-24T18:07:52.967-0500][gc,metaspace] Narrow klass base: 0x0000000800000000, Narrow klass shift: 0, Narrow klass range: 0x100000000
[2023-10-24T18:07:55.049-0500][gc,start    ] GC(0) Pause Young (Normal) (G1 Evacuation Pause)
[2023-10-24T18:07:55.049-0500][gc,task     ] GC(0) Using 4 workers of 4 for evacuation
[2023-10-24T18:07:55.060-0500][gc,phases   ] GC(0)   Pre Evacuate Collection Set: 0.1ms
[2023-10-24T18:07:55.060-0500][gc,phases   ] GC(0)   Merge Heap Roots: 0.1ms
[2023-10-24T18:07:55.060-0500][gc,phases   ] GC(0)   Evacuate Collection Set: 9.7ms
[2023-10-24T18:07:55.060-0500][gc,phases   ] GC(0)   Post Evacuate Collection Set: 0.7ms
[2023-10-24T18:07:55.060-0500][gc,phases   ] GC(0)   Other: 0.3ms
[2023-10-24T18:07:55.060-0500][gc,heap     ] GC(0) Eden regions: 51->0(44)
[2023-10-24T18:07:55.060-0500][gc,heap     ] GC(0) Survivor regions: 0->7(7)
[2023-10-24T18:07:55.060-0500][gc,heap     ] GC(0) Old regions: 0->1
[2023-10-24T18:07:55.060-0500][gc,heap     ] GC(0) Archive regions: 2->2
[2023-10-24T18:07:55.060-0500][gc,heap     ] GC(0) Humongous regions: 0->0
[2023-10-24T18:07:55.060-0500][gc,metaspace] GC(0) Metaspace: 18127K(18368K)->18127K(18368K) NonClass: 16082K(16192K)->16082K(16192K) Class: 2045K(2176K)->2045K(2176K)
[2023-10-24T18:07:55.060-0500][gc          ] GC(0) Pause Young (Normal) (G1 Evacuation Pause) 51M->8M(1024M) 11.285ms
[2023-10-24T18:07:55.060-0500][gc,cpu      ] GC(0) User=0.03s Sys=0.00s Real=0.02s
[2023-10-24T18:07:55.357-0500][gc,start    ] GC(1) Pause Young (Concurrent Start) (Metadata GC Threshold)
[2023-10-24T18:07:55.357-0500][gc,task     ] GC(1) Using 4 workers of 4 for evacuation
[2023-10-24T18:07:55.367-0500][gc,phases   ] GC(1)   Pre Evacuate Collection Set: 0.1ms
[2023-10-24T18:07:55.367-0500][gc,phases   ] GC(1)   Merge Heap Roots: 0.1ms
[2023-10-24T18:07:55.367-0500][gc,phases   ] GC(1)   Evacuate Collection Set: 9.0ms
[2023-10-24T18:07:55.367-0500][gc,phases   ] GC(1)   Post Evacuate Collection Set: 0.4ms
[2023-10-24T18:07:55.367-0500][gc,phases   ] GC(1)   Other: 0.1ms
[2023-10-24T18:07:55.367-0500][gc,heap     ] GC(1) Eden regions: 13->0(50)
[2023-10-24T18:07:55.367-0500][gc,heap     ] GC(1) Survivor regions: 7->1(7)
[2023-10-24T18:07:55.367-0500][gc,heap     ] GC(1) Old regions: 1->8
[2023-10-24T18:07:55.367-0500][gc,heap     ] GC(1) Archive regions: 2->2
[2023-10-24T18:07:55.367-0500][gc,heap     ] GC(1) Humongous regions: 0->0
[2023-10-24T18:07:55.367-0500][gc,metaspace] GC(1) Metaspace: 21288K(21504K)->21288K(21504K) NonClass: 18849K(19008K)->18849K(19008K) Class: 2439K(2496K)->2439K(2496K)
[2023-10-24T18:07:55.367-0500][gc          ] GC(1) Pause Young (Concurrent Start) (Metadata GC Threshold) 20M->9M(1024M) 9.961ms
[2023-10-24T18:07:55.367-0500][gc          ] GC(2) Concurrent Mark Cycle
[2023-10-24T18:07:55.367-0500][gc,cpu      ] GC(1) User=0.03s Sys=0.00s Real=0.01s
[2023-10-24T18:07:55.367-0500][gc,marking  ] GC(2) Concurrent Clear Claimed Marks
[2023-10-24T18:07:55.367-0500][gc,marking  ] GC(2) Concurrent Clear Claimed Marks 0.042ms
[2023-10-24T18:07:55.367-0500][gc,marking  ] GC(2) Concurrent Scan Root Regions
[2023-10-24T18:07:55.381-0500][gc,marking  ] GC(2) Concurrent Scan Root Regions 13.510ms
[2023-10-24T18:07:55.381-0500][gc,marking  ] GC(2) Concurrent Mark
[2023-10-24T18:07:55.381-0500][gc,marking  ] GC(2) Concurrent Mark From Roots
[2023-10-24T18:07:55.381-0500][gc,task     ] GC(2) Using 1 workers of 1 for marking
[2023-10-24T18:07:55.383-0500][gc,marking  ] GC(2) Concurrent Mark From Roots 2.011ms
[2023-10-24T18:07:55.383-0500][gc,marking  ] GC(2) Concurrent Preclean
[2023-10-24T18:07:55.383-0500][gc,marking  ] GC(2) Concurrent Preclean 0.021ms
[2023-10-24T18:07:55.560-0500][gc,start    ] GC(2) Pause Remark
[2023-10-24T18:07:55.562-0500][gc          ] GC(2) Pause Remark 139M->139M(1024M) 1.893ms
[2023-10-24T18:07:55.562-0500][gc,cpu      ] GC(2) User=0.01s Sys=0.00s Real=0.00s
[2023-10-24T18:07:55.562-0500][gc,marking  ] GC(2) Concurrent Mark 181.648ms
[2023-10-24T18:07:55.562-0500][gc,marking  ] GC(2) Concurrent Rebuild Remembered Sets
[2023-10-24T18:07:55.570-0500][gc,marking  ] GC(2) Concurrent Rebuild Remembered Sets 7.846ms
[2023-10-24T18:07:55.570-0500][gc,start    ] GC(2) Pause Cleanup
[2023-10-24T18:07:55.570-0500][gc          ] GC(2) Pause Cleanup 139M->139M(1024M) 0.131ms
[2023-10-24T18:07:55.570-0500][gc,cpu      ] GC(2) User=0.00s Sys=0.00s Real=0.00s
[2023-10-24T18:07:55.571-0500][gc,marking  ] GC(2) Concurrent Cleanup for Next Mark
[2023-10-24T18:07:55.622-0500][gc,marking  ] GC(2) Concurrent Cleanup for Next Mark 50.931ms
[2023-10-24T18:07:55.622-0500][gc          ] GC(2) Concurrent Mark Cycle 254.732ms
[2023-10-24T18:07:56.497-0500][gc,start    ] GC(3) Pause Young (Normal) (G1 Evacuation Pause)
[2023-10-24T18:07:56.497-0500][gc,task     ] GC(3) Using 4 workers of 4 for evacuation
[2023-10-24T18:07:56.506-0500][gc,phases   ] GC(3)   Pre Evacuate Collection Set: 0.1ms
[2023-10-24T18:07:56.506-0500][gc,phases   ] GC(3)   Merge Heap Roots: 0.1ms
[2023-10-24T18:07:56.506-0500][gc,phases   ] GC(3)   Evacuate Collection Set: 8.3ms
[2023-10-24T18:07:56.506-0500][gc,phases   ] GC(3)   Post Evacuate Collection Set: 0.6ms
[2023-10-24T18:07:56.506-0500][gc,phases   ] GC(3)   Other: 0.1ms
[2023-10-24T18:07:56.506-0500][gc,heap     ] GC(3) Eden regions: 50->0(45)
[2023-10-24T18:07:56.506-0500][gc,heap     ] GC(3) Survivor regions: 1->6(7)
[2023-10-24T18:07:56.506-0500][gc,heap     ] GC(3) Old regions: 8->8
[2023-10-24T18:07:56.506-0500][gc,heap     ] GC(3) Archive regions: 2->2
[2023-10-24T18:07:56.506-0500][gc,heap     ] GC(3) Humongous regions: 129->129
[2023-10-24T18:07:56.506-0500][gc,metaspace] GC(3) Metaspace: 32738K(33024K)->32738K(33024K) NonClass: 29226K(29376K)->29226K(29376K) Class: 3512K(3648K)->3512K(3648K)
[2023-10-24T18:07:56.506-0500][gc          ] GC(3) Pause Young (Normal) (G1 Evacuation Pause) 188M->142M(1024M) 9.525ms
[2023-10-24T18:07:56.506-0500][gc,cpu      ] GC(3) User=0.03s Sys=0.00s Real=0.01s
[2023-10-24T18:08:02.555-0500][gc,start    ] GC(4) Pause Young (Concurrent Start) (G1 Humongous Allocation)
[2023-10-24T18:08:02.555-0500][gc,task     ] GC(4) Using 4 workers of 4 for evacuation
[2023-10-24T18:08:02.568-0500][gc,phases   ] GC(4)   Pre Evacuate Collection Set: 0.1ms
[2023-10-24T18:08:02.569-0500][gc,phases   ] GC(4)   Merge Heap Roots: 0.0ms
[2023-10-24T18:08:02.569-0500][gc,phases   ] GC(4)   Evacuate Collection Set: 12.3ms
[2023-10-24T18:08:02.569-0500][gc,phases   ] GC(4)   Post Evacuate Collection Set: 0.5ms
[2023-10-24T18:08:02.569-0500][gc,phases   ] GC(4)   Other: 0.1ms
[2023-10-24T18:08:02.569-0500][gc,heap     ] GC(4) Eden regions: 11->0(50)
[2023-10-24T18:08:02.569-0500][gc,heap     ] GC(4) Survivor regions: 6->1(7)
[2023-10-24T18:08:02.569-0500][gc,heap     ] GC(4) Old regions: 8->13
[2023-10-24T18:08:02.569-0500][gc,heap     ] GC(4) Archive regions: 2->2
[2023-10-24T18:08:02.569-0500][gc,heap     ] GC(4) Humongous regions: 129->129
[2023-10-24T18:08:02.569-0500][gc,metaspace] GC(4) Metaspace: 35152K(35456K)->35152K(35456K) NonClass: 31319K(31488K)->31319K(31488K) Class: 3833K(3968K)->3833K(3968K)
[2023-10-24T18:08:02.569-0500][gc          ] GC(4) Pause Young (Concurrent Start) (G1 Humongous Allocation) 153M->143M(1024M) 13.654ms
[2023-10-24T18:08:02.569-0500][gc          ] GC(5) Concurrent Undo Cycle
[2023-10-24T18:08:02.569-0500][gc,cpu      ] GC(4) User=0.03s Sys=0.00s Real=0.01s
[2023-10-24T18:08:02.569-0500][gc,marking  ] GC(5) Concurrent Cleanup for Next Mark
[2023-10-24T18:08:02.569-0500][gc,marking  ] GC(5) Concurrent Cleanup for Next Mark 0.313ms
[2023-10-24T18:08:02.575-0500][gc,start    ] GC(6) Pause Young (Normal) (G1 Humongous Allocation)
[2023-10-24T18:08:02.575-0500][gc,task     ] GC(6) Using 4 workers of 4 for evacuation
[2023-10-24T18:08:02.577-0500][gc,phases   ] GC(6)   Pre Evacuate Collection Set: 0.1ms
[2023-10-24T18:08:02.577-0500][gc,phases   ] GC(6)   Merge Heap Roots: 0.0ms
[2023-10-24T18:08:02.577-0500][gc,phases   ] GC(6)   Evacuate Collection Set: 1.4ms
[2023-10-24T18:08:02.577-0500][gc,phases   ] GC(6)   Post Evacuate Collection Set: 0.3ms
[2023-10-24T18:08:02.577-0500][gc,phases   ] GC(6)   Other: 0.1ms
[2023-10-24T18:08:02.577-0500][gc,heap     ] GC(6) Eden regions: 0->0(50)
[2023-10-24T18:08:02.577-0500][gc,heap     ] GC(6) Survivor regions: 1->1(7)
[2023-10-24T18:08:02.577-0500][gc,heap     ] GC(6) Old regions: 13->13
[2023-10-24T18:08:02.577-0500][gc,heap     ] GC(6) Archive regions: 2->2
[2023-10-24T18:08:02.577-0500][gc,heap     ] GC(6) Humongous regions: 129->129
[2023-10-24T18:08:02.577-0500][gc,metaspace] GC(6) Metaspace: 35152K(35456K)->35152K(35456K) NonClass: 31319K(31488K)->31319K(31488K) Class: 3833K(3968K)->3833K(3968K)
[2023-10-24T18:08:02.577-0500][gc          ] GC(6) Pause Young (Normal) (G1 Humongous Allocation) 143M->143M(1024M) 2.272ms
[2023-10-24T18:08:02.577-0500][gc,cpu      ] GC(6) User=0.01s Sys=0.00s Real=0.00s
[2023-10-24T18:08:02.577-0500][gc,ergo     ] Attempting full compaction
[2023-10-24T18:08:02.577-0500][gc,start    ] GC(7) Pause Full (G1 Compaction Pause)
[2023-10-24T18:08:02.577-0500][gc,task     ] GC(7) Using 4 workers of 4 for full compaction
[2023-10-24T18:08:02.588-0500][gc,phases,start] GC(7) Phase 1: Mark live objects
[2023-10-24T18:08:02.605-0500][gc,phases      ] GC(7) Phase 1: Mark live objects 17.385ms
[2023-10-24T18:08:02.605-0500][gc,phases,start] GC(7) Phase 2: Prepare compaction
[2023-10-24T18:08:02.613-0500][gc,phases      ] GC(7) Phase 2: Prepare compaction 7.446ms
[2023-10-24T18:08:02.613-0500][gc,phases,start] GC(7) Phase 3: Adjust pointers
[2023-10-24T18:08:02.620-0500][gc,phases      ] GC(7) Phase 3: Adjust pointers 7.374ms
[2023-10-24T18:08:02.620-0500][gc,phases,start] GC(7) Phase 4: Compact heap
[2023-10-24T18:08:02.622-0500][gc,phases      ] GC(7) Phase 4: Compact heap 1.808ms
[2023-10-24T18:08:02.634-0500][gc,heap        ] GC(7) Eden regions: 0->0(51)
[2023-10-24T18:08:02.634-0500][gc,heap        ] GC(7) Survivor regions: 1->0(7)
[2023-10-24T18:08:02.634-0500][gc,heap        ] GC(7) Old regions: 13->14
[2023-10-24T18:08:02.634-0500][gc,heap        ] GC(7) Archive regions: 2->2
[2023-10-24T18:08:02.634-0500][gc,heap        ] GC(7) Humongous regions: 129->129
[2023-10-24T18:08:02.634-0500][gc,metaspace   ] GC(7) Metaspace: 35152K(35456K)->35152K(35456K) NonClass: 31319K(31488K)->31319K(31488K) Class: 3833K(3968K)->3833K(3968K)
[2023-10-24T18:08:02.634-0500][gc             ] GC(7) Pause Full (G1 Compaction Pause) 143M->143M(1024M) 56.293ms
[2023-10-24T18:08:02.634-0500][gc,cpu         ] GC(7) User=0.08s Sys=0.04s Real=0.06s
[2023-10-24T18:08:02.634-0500][gc,ergo        ] Attempting maximal full compaction clearing soft references
[2023-10-24T18:08:02.634-0500][gc,start       ] GC(8) Pause Full (G1 Compaction Pause)
[2023-10-24T18:08:02.634-0500][gc,task        ] GC(8) Using 4 workers of 4 for full compaction
[2023-10-24T18:08:02.635-0500][gc,phases,start] GC(8) Phase 1: Mark live objects
[2023-10-24T18:08:02.935-0500][gc,phases      ] GC(8) Phase 1: Mark live objects 299.319ms
[2023-10-24T18:08:02.935-0500][gc,phases,start] GC(8) Phase 2: Prepare compaction
[2023-10-24T18:08:02.949-0500][gc,phases      ] GC(8) Phase 2: Prepare compaction 14.557ms
[2023-10-24T18:08:02.949-0500][gc,phases,start] GC(8) Phase 3: Adjust pointers
[2023-10-24T18:08:02.959-0500][gc,phases      ] GC(8) Phase 3: Adjust pointers 9.679ms
[2023-10-24T18:08:02.959-0500][gc,phases,start] GC(8) Phase 4: Compact heap
[2023-10-24T18:08:02.995-0500][gc,phases      ] GC(8) Phase 4: Compact heap 36.219ms
[2023-10-24T18:08:03.001-0500][gc,heap        ] GC(8) Eden regions: 0->0(51)
[2023-10-24T18:08:03.001-0500][gc,heap        ] GC(8) Survivor regions: 0->0(7)
[2023-10-24T18:08:03.001-0500][gc,heap        ] GC(8) Old regions: 14->14
[2023-10-24T18:08:03.001-0500][gc,heap        ] GC(8) Archive regions: 2->2
[2023-10-24T18:08:03.001-0500][gc,heap        ] GC(8) Humongous regions: 129->129
[2023-10-24T18:08:03.001-0500][gc,metaspace   ] GC(8) Metaspace: 35152K(35456K)->35099K(35456K) NonClass: 31319K(31488K)->31278K(31488K) Class: 3833K(3968K)->3820K(3968K)
[2023-10-24T18:08:03.001-0500][gc             ] GC(8) Pause Full (G1 Compaction Pause) 143M->142M(1024M) 367.353ms
[2023-10-24T18:08:03.001-0500][gc,cpu         ] GC(8) User=0.09s Sys=0.04s Real=0.37s
[2023-10-24T18:08:03.012-0500][gc,marking     ] GC(5) Concurrent Mark Abort
[2023-10-24T18:08:03.012-0500][gc             ] GC(5) Concurrent Undo Cycle 443.044ms
[2023-10-24T18:08:09.309-0500][gc,start       ] GC(9) Pause Young (Normal) (G1 Evacuation Pause)
[2023-10-24T18:08:09.309-0500][gc,task        ] GC(9) Using 4 workers of 4 for evacuation
[2023-10-24T18:08:09.310-0500][gc,phases      ] GC(9)   Pre Evacuate Collection Set: 0.1ms
[2023-10-24T18:08:09.310-0500][gc,phases      ] GC(9)   Merge Heap Roots: 0.0ms
[2023-10-24T18:08:09.310-0500][gc,phases      ] GC(9)   Evacuate Collection Set: 0.5ms
[2023-10-24T18:08:09.310-0500][gc,phases      ] GC(9)   Post Evacuate Collection Set: 0.3ms
[2023-10-24T18:08:09.310-0500][gc,phases      ] GC(9)   Other: 0.1ms
[2023-10-24T18:08:09.310-0500][gc,heap        ] GC(9) Eden regions: 51->0(50)
[2023-10-24T18:08:09.310-0500][gc,heap        ] GC(9) Survivor regions: 0->1(7)
[2023-10-24T18:08:09.310-0500][gc,heap        ] GC(9) Old regions: 14->14
[2023-10-24T18:08:09.310-0500][gc,heap        ] GC(9) Archive regions: 2->2
[2023-10-24T18:08:09.310-0500][gc,heap        ] GC(9) Humongous regions: 129->129
[2023-10-24T18:08:09.310-0500][gc,metaspace   ] GC(9) Metaspace: 35203K(35520K)->35203K(35520K) NonClass: 31377K(31552K)->31377K(31552K) Class: 3825K(3968K)->3825K(3968K)
[2023-10-24T18:08:09.310-0500][gc             ] GC(9) Pause Young (Normal) (G1 Evacuation Pause) 193M->142M(1024M) 1.233ms
[2023-10-24T18:08:09.310-0500][gc,cpu         ] GC(9) User=0.01s Sys=0.00s Real=0.01s
[2023-10-24T18:08:14.157-0500][gc,start       ] GC(10) Pause Young (Normal) (G1 Evacuation Pause)
[2023-10-24T18:08:14.158-0500][gc,task        ] GC(10) Using 4 workers of 4 for evacuation
[2023-10-24T18:08:14.158-0500][gc,phases      ] GC(10)   Pre Evacuate Collection Set: 0.1ms
[2023-10-24T18:08:14.158-0500][gc,phases      ] GC(10)   Merge Heap Roots: 0.0ms
[2023-10-24T18:08:14.158-0500][gc,phases      ] GC(10)   Evacuate Collection Set: 0.3ms
[2023-10-24T18:08:14.158-0500][gc,phases      ] GC(10)   Post Evacuate Collection Set: 0.2ms
[2023-10-24T18:08:14.158-0500][gc,phases      ] GC(10)   Other: 0.1ms
[2023-10-24T18:08:14.158-0500][gc,heap        ] GC(10) Eden regions: 50->0(50)
[2023-10-24T18:08:14.158-0500][gc,heap        ] GC(10) Survivor regions: 1->1(7)
[2023-10-24T18:08:14.158-0500][gc,heap        ] GC(10) Old regions: 14->14
[2023-10-24T18:08:14.158-0500][gc,heap        ] GC(10) Archive regions: 2->2
[2023-10-24T18:08:14.158-0500][gc,heap        ] GC(10) Humongous regions: 129->129
[2023-10-24T18:08:14.158-0500][gc,metaspace   ] GC(10) Metaspace: 35211K(35520K)->35211K(35520K) NonClass: 31383K(31552K)->31383K(31552K) Class: 3828K(3968K)->3828K(3968K)
[2023-10-24T18:08:14.158-0500][gc             ] GC(10) Pause Young (Normal) (G1 Evacuation Pause) 192M->142M(1024M) 1.016ms
[2023-10-24T18:08:14.158-0500][gc,cpu         ] GC(10) User=0.00s Sys=0.01s Real=0.00s
[2023-10-24T18:08:18.733-0500][gc,start       ] GC(11) Pause Young (Normal) (G1 Evacuation Pause)
[2023-10-24T18:08:18.733-0500][gc,task        ] GC(11) Using 4 workers of 4 for evacuation
[2023-10-24T18:08:18.734-0500][gc,phases      ] GC(11)   Pre Evacuate Collection Set: 0.1ms
[2023-10-24T18:08:18.734-0500][gc,phases      ] GC(11)   Merge Heap Roots: 0.0ms
[2023-10-24T18:08:18.734-0500][gc,phases      ] GC(11)   Evacuate Collection Set: 0.3ms
[2023-10-24T18:08:18.734-0500][gc,phases      ] GC(11)   Post Evacuate Collection Set: 0.2ms
[2023-10-24T18:08:18.734-0500][gc,phases      ] GC(11)   Other: 0.1ms
[2023-10-24T18:08:18.734-0500][gc,heap        ] GC(11) Eden regions: 50->0(57)
[2023-10-24T18:08:18.734-0500][gc,heap        ] GC(11) Survivor regions: 1->1(7)
[2023-10-24T18:08:18.734-0500][gc,heap        ] GC(11) Old regions: 14->14
[2023-10-24T18:08:18.734-0500][gc,heap        ] GC(11) Archive regions: 2->2
[2023-10-24T18:08:18.734-0500][gc,heap        ] GC(11) Humongous regions: 129->129
[2023-10-24T18:08:18.734-0500][gc,metaspace   ] GC(11) Metaspace: 35214K(35520K)->35214K(35520K) NonClass: 31385K(31552K)->31385K(31552K) Class: 3828K(3968K)->3828K(3968K)
[2023-10-24T18:08:18.734-0500][gc             ] GC(11) Pause Young (Normal) (G1 Evacuation Pause) 192M->142M(1024M) 0.942ms
[2023-10-24T18:08:18.734-0500][gc,cpu         ] GC(11) User=0.01s Sys=0.00s Real=0.00s
[2023-10-24T18:08:25.340-0500][gc,start       ] GC(12) Pause Young (Normal) (G1 Evacuation Pause)
[2023-10-24T18:08:25.340-0500][gc,task        ] GC(12) Using 4 workers of 4 for evacuation
[2023-10-24T18:08:25.342-0500][gc,phases      ] GC(12)   Pre Evacuate Collection Set: 0.1ms
[2023-10-24T18:08:25.342-0500][gc,phases      ] GC(12)   Merge Heap Roots: 0.0ms
[2023-10-24T18:08:25.342-0500][gc,phases      ] GC(12)   Evacuate Collection Set: 0.8ms
[2023-10-24T18:08:25.342-0500][gc,phases      ] GC(12)   Post Evacuate Collection Set: 0.3ms
[2023-10-24T18:08:25.342-0500][gc,phases      ] GC(12)   Other: 0.1ms
[2023-10-24T18:08:25.342-0500][gc,heap        ] GC(12) Eden regions: 57->0(431)
[2023-10-24T18:08:25.342-0500][gc,heap        ] GC(12) Survivor regions: 1->1(8)
[2023-10-24T18:08:25.342-0500][gc,heap        ] GC(12) Old regions: 14->14
[2023-10-24T18:08:25.342-0500][gc,heap        ] GC(12) Archive regions: 2->2
[2023-10-24T18:08:25.342-0500][gc,heap        ] GC(12) Humongous regions: 129->129
[2023-10-24T18:08:25.342-0500][gc,metaspace   ] GC(12) Metaspace: 35263K(35520K)->35263K(35520K) NonClass: 31424K(31552K)->31424K(31552K) Class: 3839K(3968K)->3839K(3968K)
[2023-10-24T18:08:25.342-0500][gc             ] GC(12) Pause Young (Normal) (G1 Evacuation Pause) 199M->142M(1024M) 1.739ms
[2023-10-24T18:08:25.342-0500][gc,cpu         ] GC(12) User=0.00s Sys=0.00s Real=0.00s
[2023-10-24T18:08:56.012-0500][gc,heap,exit   ] Heap
[2023-10-24T18:08:56.013-0500][gc,heap,exit   ]  garbage-first heap   total 1048576K, used 448095K [0x00000007c0000000, 0x0000000800000000)
[2023-10-24T18:08:56.013-0500][gc,heap,exit   ]   region size 1024K, 297 young (304128K), 1 survivors (1024K)
[2023-10-24T18:08:56.013-0500][gc,heap,exit   ]  Metaspace       used 36295K, committed 36608K, reserved 1114112K
[2023-10-24T18:08:56.013-0500][gc,heap,exit   ]   class space    used 4023K, committed 4160K, reserved 1048576K
